// Jest Snapshot v1, https://goo.gl/fbAQLP

exports[`matches snapshot 1`] = `
<DocumentFragment>
  <div>
    <div>
      <form>
        <label
          for="task"
        >
          Task:
        </label>
        <input
          id="task"
          name="task"
          placeholder="task"
          type="text"
          value=""
        />
        <button>
          Add a new todo!
        </button>
      </form>
    </div>
    <ul />
  </div>
</DocumentFragment>
`;
