// Jest Snapshot v1, https://goo.gl/fbAQLP

exports[`matches snapshot 1`] = `
<DocumentFragment>
  <div>
    <form>
      <label
        for="height"
      >
        Height:
      </label>
      <input
        id="height"
        name="height"
        placeholder="height"
        type="text"
        value=""
      />
      <label
        for="width"
      >
        Width:
      </label>
      <input
        id="width"
        name="width"
        placeholder="width"
        type="text"
        value=""
      />
      <div>
        <label
          for="backgroundColor"
        >
          Background Color:
        </label>
        <input
          id="backgroundColor"
          name="backgroundColor"
          placeholder="background color"
          type="text"
          value=""
        />
      </div>
      <button>
        Add a new box!
      </button>
    </form>
  </div>
</DocumentFragment>
`;
